// Jest Snapshot v1, https://goo.gl/fbAQLP

exports[`HttpServer Simple POST / 1`] = `
Array [
  Object {
    "body": "Hello",
    "headers": Object {
      "accept": "application/json, text/plain, */*",
      "connection": "close",
      "content-length": "5",
      "content-type": "application/x-www-form-urlencoded",
      "host": "localhost",
      "user-agent": "axios/0.19.2",
    },
    "id": 1,
    "method": "POST",
    "url": "/",
  },
]
`;
